// Jest Snapshot v1, https://goo.gl/fbAQLP

exports[`<EventInput /> should render 1`] = `
ShallowWrapper {
  Symbol(enzyme.__root__): [Circular],
  Symbol(enzyme.__unrendered__): <WithStyles(EventInput)
    label=""
    onChange={[MockFunction]}
    value=""
  />,
  Symbol(enzyme.__renderer__): Object {
    "batchedUpdates": [Function],
    "getNode": [Function],
    "render": [Function],
    "simulateError": [Function],
    "simulateEvent": [Function],
    "unmount": [Function],
  },
  Symbol(enzyme.__node__): Object {
    "instance": null,
    "key": undefined,
    "nodeType": "class",
    "props": Object {
      "classes": Object {
        "disabled": "EventInput-disabled-5",
        "formControl": "EventInput-formControl-4",
        "input": "EventInput-input-1",
        "label": "EventInput-label-2",
        "textArea": "EventInput-textArea-3",
      },
      "label": "",
      "onChange": [MockFunction],
      "value": "",
    },
    "ref": null,
    "rendered": null,
    "type": [Function],
  },
  Symbol(enzyme.__nodes__): Array [
    Object {
      "instance": null,
      "key": undefined,
      "nodeType": "class",
      "props": Object {
        "classes": Object {
          "disabled": "EventInput-disabled-5",
          "formControl": "EventInput-formControl-4",
          "input": "EventInput-input-1",
          "label": "EventInput-label-2",
          "textArea": "EventInput-textArea-3",
        },
        "label": "",
        "onChange": [MockFunction],
        "value": "",
      },
      "ref": null,
      "rendered": null,
      "type": [Function],
    },
  ],
  Symbol(enzyme.__options__): Object {
    "adapter": ReactSixteenAdapter {
      "options": Object {
        "enableComponentDidUpdateOnSetState": true,
        "lifecycles": Object {
          "componentDidUpdate": Object {
            "onSetState": true,
          },
          "getDerivedStateFromProps": true,
          "getSnapshotBeforeUpdate": true,
          "setState": Object {
            "skipsComponentDidUpdateOnNullish": true,
          },
        },
      },
    },
  },
}
`;
