// Jest Snapshot v1, https://goo.gl/fbAQLP

exports[`Something 1`] = `
<div
  className="MainAppBar-root-1"
>
  <header
    className="MuiPaper-root-12 MuiPaper-elevation4-18 MuiAppBar-root-4 MuiAppBar-positionStatic-8 MuiAppBar-colorPrimary-10"
  >
    <div
      className="MuiToolbar-root-39 MuiToolbar-gutters-40"
    >
      <h2
        className="MuiTypography-root-41 MuiTypography-title-47 MuiTypography-colorInherit-60 MuiTypography-alignCenter-54 MainAppBar-title-2"
      >
        MusicMonkey
      </h2>
      <div>
        <button
          aria-haspopup="true"
          aria-owns={null}
          className="MuiButtonBase-root-71 MuiIconButton-root-65 MuiIconButton-colorInherit-66"
          disabled={false}
          onBlur={[Function]}
          onClick={[Function]}
          onFocus={[Function]}
          onKeyDown={[Function]}
          onKeyUp={[Function]}
          onMouseDown={[Function]}
          onMouseLeave={[Function]}
          onMouseUp={[Function]}
          onTouchEnd={[Function]}
          onTouchMove={[Function]}
          onTouchStart={[Function]}
          tabIndex="0"
          type="button"
        >
          <span
            className="MuiIconButton-label-70"
          >
            <svg
              aria-hidden="true"
              className="MuiSvgIcon-root-73"
              color={undefined}
              focusable="false"
              viewBox="0 0 24 24"
            >
              <g>
                <path
                  d="M12 2C6.48 2 2 6.48 2 12s4.48 10 10 10 10-4.48 10-10S17.52 2 12 2zm0 3c1.66 0 3 1.34 3 3s-1.34 3-3 3-3-1.34-3-3 1.34-3 3-3zm0 14.2c-2.5 0-4.71-1.28-6-3.22.03-1.99 4-3.08 6-3.08 1.99 0 5.97 1.09 6 3.08-1.29 1.94-3.5 3.22-6 3.22z"
                />
              </g>
            </svg>
          </span>
          <span
            className="MuiTouchRipple-root-79"
          />
        </button>
      </div>
    </div>
  </header>
</div>
`;
