// Jest Snapshot v1, https://goo.gl/fbAQLP

exports[`MainAppBar Snapshot has not changed unexpectedly 1`] = `
<header
  className="MuiPaper-root-16 MuiPaper-elevation4-22 MuiAppBar-root-8 MuiAppBar-positionAbsolute-10 MuiAppBar-colorPrimary-14 MainAppBar-appBar-2"
>
  <div
    className="MuiToolbar-root-43"
  >
    <button
      aria-label="open drawer"
      className="MuiButtonBase-root-51 MuiIconButton-root-45 MuiIconButton-colorInherit-46 MainAppBar-menuButton-4"
      disabled={false}
      onBlur={[Function]}
      onClick={[Function]}
      onFocus={[Function]}
      onKeyDown={[Function]}
      onKeyUp={[Function]}
      onMouseDown={[Function]}
      onMouseLeave={[Function]}
      onMouseUp={[Function]}
      onTouchEnd={[Function]}
      onTouchMove={[Function]}
      onTouchStart={[Function]}
      tabIndex="0"
      type="button"
    >
      <span
        className="MuiIconButton-label-50"
      >
        <svg
          aria-hidden="true"
          className="MuiSvgIcon-root-53"
          color={undefined}
          focusable="false"
          viewBox="0 0 24 24"
        >
          <g>
            <path
              d="M3 18h18v-2H3v2zm0-5h18v-2H3v2zm0-7v2h18V6H3z"
            />
          </g>
        </svg>
      </span>
      <span
        className="MuiTouchRipple-root-59"
      />
    </button>
    <h2
      className="MuiTypography-root-66 MuiTypography-title-72 MuiTypography-colorInherit-85 MainAppBar-title-1"
    >
      MusicMonkey
    </h2>
    <div
      className="MainAppBar-profile-6"
    >
      <button
        aria-haspopup="true"
        aria-owns={null}
        className="MuiButtonBase-root-51 MuiIconButton-root-45 MuiIconButton-colorInherit-46"
        disabled={false}
        onBlur={[Function]}
        onClick={[Function]}
        onFocus={[Function]}
        onKeyDown={[Function]}
        onKeyUp={[Function]}
        onMouseDown={[Function]}
        onMouseLeave={[Function]}
        onMouseUp={[Function]}
        onTouchEnd={[Function]}
        onTouchMove={[Function]}
        onTouchStart={[Function]}
        tabIndex="0"
        type="button"
      >
        <span
          className="MuiIconButton-label-50"
        >
          <svg
            aria-hidden="true"
            className="MuiSvgIcon-root-53"
            color={undefined}
            focusable="false"
            viewBox="0 0 24 24"
          >
            <g>
              <path
                d="M12 2C6.48 2 2 6.48 2 12s4.48 10 10 10 10-4.48 10-10S17.52 2 12 2zm0 3c1.66 0 3 1.34 3 3s-1.34 3-3 3-3-1.34-3-3 1.34-3 3-3zm0 14.2c-2.5 0-4.71-1.28-6-3.22.03-1.99 4-3.08 6-3.08 1.99 0 5.97 1.09 6 3.08-1.29 1.94-3.5 3.22-6 3.22z"
              />
            </g>
          </svg>
        </span>
        <span
          className="MuiTouchRipple-root-59"
        />
      </button>
    </div>
  </div>
</header>
`;
