// Jest Snapshot v1, https://goo.gl/fbAQLP

exports[`EventView Snapshot has not changed unexpectedly 1`] = `
<div>
  <h1>
    Event Veiw!!!
  </h1>
</div>
`;
